GAMS 25.1.2  r67455 Released Aug  1, 2018 DEX-DEG x86 64bit/Mac OS X                                                                                                                                                                   11/28/18 17:14:16 Page 1
toyModel
C o m p i l a t i o n


   2   
   3  sets
   4          g                       Generators
   5          t                       Time Period             /t1,t2,t3/
   6          r                       Region                  /r1,r2,r3/
   7          gtor(g,r)
   8          ;
   9   
  10  parameters
  11          genCost(g)
  12          maxGen(g)
  13          demandLoad(r,t)
  14          ;
  15   
GDXIN   /Users/alanjenn/Dropbox/Davis/Research/Project25_LBNLMobility/Analysis_Writeup/gem/src/toyModel/test.gdx
--- LOAD  g = 1:g
--- LOAD  gtor = 2:gtor
--- LOAD  genCost = 3:genCost
--- LOAD  demandLoad = 4:demandLoad
--- LOAD  maxGen = 5:maxGen
  19   
  20  display gtor;
  21   
  22  variable
  23          systemCost
  24          ;
  25   
  26  positive variable
  27          generation(g,t,r)
  28          ;
  29   
  30  display
  31          genCost
  32          demandLoad
  33          maxGen
  34          ;
  35   
  36  equations
  37          obj                             Objective function minimizing total cost
  38          constraint1             Generation must equal load
  39          constraint2             Max generation for each generator
  40          constraint3             Renewable generation cannot exceed wind or sun supply
  41          ;
  42   
  43  obj..
  44          systemCost =e= sum((g,t,r),generation(g,t,r)*genCost(g));
  45   
  46  constraint1(t,r)..
  47          sum(g,generation(g,t,r))-demandLoad(r,t) =g= 0;
  48   
  49  constraint2(g,t,r)..
  50          maxGen(g)-generation(g,t,r) =g= 0;
  51   
GAMS 25.1.2  r67455 Released Aug  1, 2018 DEX-DEG x86 64bit/Mac OS X                                                                                                                                                                   11/28/18 17:14:16 Page 2
toyModel
C o m p i l a t i o n


  52  model
  53          toyModel /obj,constraint1,constraint2/
  54          ;
  55   
  56  options
  57          lp = cplex
  58          solvelink = 2
  59          ;
  60   
  63  toyModel.optFile = 1;
  64  toyModel.holdfixed = 1;
  65   
  66  solve
  67          toyModel
  68          using lp
  69          minimizing systemCost
  70          ;
  71   
  72  display
  73          generation.l
  74          ;
  75   
  76  Execute_Unload "results.gdx";
GAMS 25.1.2  r67455 Released Aug  1, 2018 DEX-DEG x86 64bit/Mac OS X                                                                                                                                                                   11/28/18 17:14:16 Page 3
toyModel
Include File Summary


   SEQ   GLOBAL TYPE      PARENT   LOCAL  FILENAME

     1        1 INPUT          0       0  /Users/alanjenn/Dropbox/Davis/Research/Project25_LBNLMobility/Analysis_Writeup/gem/src/toyModel/dispatchModel.gms
     2       16 GDXIN          1      16  /Users/alanjenn/Dropbox/Davis/Research/Project25_LBNLMobility/Analysis_Writeup/gem/src/toyModel/test.gdx


COMPILATION TIME     =        0.003 SECONDS      3 MB  25.1.2 r67455 DEX-DEG
GAMS 25.1.2  r67455 Released Aug  1, 2018 DEX-DEG x86 64bit/Mac OS X                                                                                                                                                                   11/28/18 17:14:16 Page 4
toyModel
E x e c u t i o n


----     20 SET gtor  

            r1          r2

g1         YES
g2         YES
g3                     YES


----     31 PARAMETER genCost  

g1 10.000,    g2 20.000,    g3 30.000


----     31 PARAMETER demandLoad  

                      ( ALL       0.000 )


----     31 PARAMETER maxGen  

g1 100.000,    g2 100.000,    g3 100.000

GAMS 25.1.2  r67455 Released Aug  1, 2018 DEX-DEG x86 64bit/Mac OS X                                                                                                                                                                   11/28/18 17:14:16 Page 5
toyModel
Equation Listing    SOLVE toyModel Using LP From line 70


---- obj  =E=  Objective function minimizing total cost

obj..  systemCost - 10*generation(g1,t1,r1) - 10*generation(g1,t1,r2) - 10*generation(g1,t1,r3) - 10*generation(g1,t2,r1) - 10*generation(g1,t2,r2) - 10*generation(g1,t2,r3) - 10*generation(g1,t3,r1) - 10*generation(g1,t3,r2) - 10*generation(g1,t3,r3)
     
      - 20*generation(g2,t1,r1) - 20*generation(g2,t1,r2) - 20*generation(g2,t1,r3) - 20*generation(g2,t2,r1) - 20*generation(g2,t2,r2) - 20*generation(g2,t2,r3) - 20*generation(g2,t3,r1) - 20*generation(g2,t3,r2) - 20*generation(g2,t3,r3)
     
      - 30*generation(g3,t1,r1) - 30*generation(g3,t1,r2) - 30*generation(g3,t1,r3) - 30*generation(g3,t2,r1) - 30*generation(g3,t2,r2) - 30*generation(g3,t2,r3) - 30*generation(g3,t3,r1) - 30*generation(g3,t3,r2) - 30*generation(g3,t3,r3) =E= 0 ;
     
      (LHS = 0)
     

---- constraint1  =G=  Generation must equal load

constraint1(t1,r1)..  generation(g1,t1,r1) + generation(g2,t1,r1) + generation(g3,t1,r1) =G= 0 ; (LHS = 0)
     
constraint1(t1,r2)..  generation(g1,t1,r2) + generation(g2,t1,r2) + generation(g3,t1,r2) =G= 0 ; (LHS = 0)
     
constraint1(t1,r3)..  generation(g1,t1,r3) + generation(g2,t1,r3) + generation(g3,t1,r3) =G= 0 ; (LHS = 0)
     
REMAINING 6 ENTRIES SKIPPED


---- constraint2  =G=  Max generation for each generator

constraint2(g1,t1,r1)..  - generation(g1,t1,r1) =G= -100 ; (LHS = 0)
     
constraint2(g1,t1,r2)..  - generation(g1,t1,r2) =G= -100 ; (LHS = 0)
     
constraint2(g1,t1,r3)..  - generation(g1,t1,r3) =G= -100 ; (LHS = 0)
     
REMAINING 24 ENTRIES SKIPPED

GAMS 25.1.2  r67455 Released Aug  1, 2018 DEX-DEG x86 64bit/Mac OS X                                                                                                                                                                   11/28/18 17:14:16 Page 6
toyModel
Column Listing      SOLVE toyModel Using LP From line 70


---- systemCost  

systemCost
                (.LO, .L, .UP, .M = -INF, 0, +INF, 0)
        1       obj


---- generation  

generation(g1,t1,r1)
                (.LO, .L, .UP, .M = 0, 0, +INF, 0)
      -10       obj
        1       constraint1(t1,r1)
       -1       constraint2(g1,t1,r1)

generation(g1,t1,r2)
                (.LO, .L, .UP, .M = 0, 0, +INF, 0)
      -10       obj
        1       constraint1(t1,r2)
       -1       constraint2(g1,t1,r2)

generation(g1,t1,r3)
                (.LO, .L, .UP, .M = 0, 0, +INF, 0)
      -10       obj
        1       constraint1(t1,r3)
       -1       constraint2(g1,t1,r3)

REMAINING 24 ENTRIES SKIPPED
GAMS 25.1.2  r67455 Released Aug  1, 2018 DEX-DEG x86 64bit/Mac OS X                                                                                                                                                                   11/28/18 17:14:16 Page 7
toyModel
Model Statistics    SOLVE toyModel Using LP From line 70


MODEL STATISTICS

BLOCKS OF EQUATIONS           3     SINGLE EQUATIONS           37
BLOCKS OF VARIABLES           2     SINGLE VARIABLES           28
NON ZERO ELEMENTS            82


GENERATION TIME      =        0.004 SECONDS      4 MB  25.1.2 r67455 DEX-DEG
GAMS 25.1.2  r67455 Released Aug  1, 2018 DEX-DEG x86 64bit/Mac OS X                                                                                                                                                                   11/28/18 17:14:16 Page 8
toyModel
Solution Report     SOLVE toyModel Using LP From line 70


               S O L V E      S U M M A R Y

     MODEL   toyModel            OBJECTIVE  systemCost
     TYPE    LP                  DIRECTION  MINIMIZE
     SOLVER  CPLEX               FROM LINE  70

**** SOLVER STATUS     1 Normal Completion         
**** MODEL STATUS      1 Optimal                   
**** OBJECTIVE VALUE                0.0000

 RESOURCE USAGE, LIMIT          0.014      1000.000
 ITERATION COUNT, LIMIT         0    2000000000

IBM ILOG CPLEX   25.1.2 r67455 Released Aug  1, 2018 DEG x86 64bit/Mac OS X   
Cplex 12.8.0.0

Reading parameter(s) from "/Users/alanjenn/Dropbox/Davis/Research/Project25_LBNLMobility/Analysis_Writeup/gem/src/toyModel/cplex.opt"
*** Warning Read from empty file or string
Finished reading from "/Users/alanjenn/Dropbox/Davis/Research/Project25_LBNLMobility/Analysis_Writeup/gem/src/toyModel/cplex.opt"
Space for names approximately 0.00 Mb
Use option 'names no' to turn use of names off
LP status(1): optimal
Cplex Time: 0.00sec (det. 0.02 ticks)
Optimal solution found.
Objective :           0.000000


                           LOWER          LEVEL          UPPER         MARGINAL

---- EQU obj                 .              .              .             1.0000      

  obj  Objective function minimizing total cost

---- EQU constraint1  Generation must equal load

             LOWER          LEVEL          UPPER         MARGINAL

t1.r1          .              .            +INF             .          
t1.r2          .              .            +INF             .          
t1.r3          .              .            +INF             .          
t2.r1          .              .            +INF             .          
t2.r2          .              .            +INF             .          
t2.r3          .              .            +INF             .          
t3.r1          .              .            +INF             .          
t3.r2          .              .            +INF             .          
t3.r3          .              .            +INF             .          
GAMS 25.1.2  r67455 Released Aug  1, 2018 DEX-DEG x86 64bit/Mac OS X                                                                                                                                                                   11/28/18 17:14:16 Page 9
toyModel
Solution Report     SOLVE toyModel Using LP From line 70


---- EQU constraint2  Max generation for each generator

                LOWER          LEVEL          UPPER         MARGINAL

g1.t1.r1      -100.0000          .            +INF             .          
g1.t1.r2      -100.0000          .            +INF             .          
g1.t1.r3      -100.0000          .            +INF             .          
g1.t2.r1      -100.0000          .            +INF             .          
g1.t2.r2      -100.0000          .            +INF             .          
g1.t2.r3      -100.0000          .            +INF             .          
g1.t3.r1      -100.0000          .            +INF             .          
g1.t3.r2      -100.0000          .            +INF             .          
g1.t3.r3      -100.0000          .            +INF             .          
g2.t1.r1      -100.0000          .            +INF             .          
g2.t1.r2      -100.0000          .            +INF             .          
g2.t1.r3      -100.0000          .            +INF             .          
g2.t2.r1      -100.0000          .            +INF             .          
g2.t2.r2      -100.0000          .            +INF             .          
g2.t2.r3      -100.0000          .            +INF             .          
g2.t3.r1      -100.0000          .            +INF             .          
g2.t3.r2      -100.0000          .            +INF             .          
g2.t3.r3      -100.0000          .            +INF             .          
g3.t1.r1      -100.0000          .            +INF             .          
g3.t1.r2      -100.0000          .            +INF             .          
g3.t1.r3      -100.0000          .            +INF             .          
g3.t2.r1      -100.0000          .            +INF             .          
g3.t2.r2      -100.0000          .            +INF             .          
g3.t2.r3      -100.0000          .            +INF             .          
g3.t3.r1      -100.0000          .            +INF             .          
g3.t3.r2      -100.0000          .            +INF             .          
g3.t3.r3      -100.0000          .            +INF             .          

                           LOWER          LEVEL          UPPER         MARGINAL

---- VAR systemCost        -INF             .            +INF             .          

---- VAR generation  

                LOWER          LEVEL          UPPER         MARGINAL

g1.t1.r1          .              .            +INF           10.0000      
g1.t1.r2          .              .            +INF           10.0000      
g1.t1.r3          .              .            +INF           10.0000      
g1.t2.r1          .              .            +INF           10.0000      
g1.t2.r2          .              .            +INF           10.0000      
g1.t2.r3          .              .            +INF           10.0000      
g1.t3.r1          .              .            +INF           10.0000      
g1.t3.r2          .              .            +INF           10.0000      
g1.t3.r3          .              .            +INF           10.0000      
g2.t1.r1          .              .            +INF           20.0000      
g2.t1.r2          .              .            +INF           20.0000      
g2.t1.r3          .              .            +INF           20.0000      
g2.t2.r1          .              .            +INF           20.0000      
GAMS 25.1.2  r67455 Released Aug  1, 2018 DEX-DEG x86 64bit/Mac OS X                                                                                                                                                                  11/28/18 17:14:16 Page 10
toyModel
Solution Report     SOLVE toyModel Using LP From line 70


     VAR generation  

                LOWER          LEVEL          UPPER         MARGINAL

g2.t2.r2          .              .            +INF           20.0000      
g2.t2.r3          .              .            +INF           20.0000      
g2.t3.r1          .              .            +INF           20.0000      
g2.t3.r2          .              .            +INF           20.0000      
g2.t3.r3          .              .            +INF           20.0000      
g3.t1.r1          .              .            +INF           30.0000      
g3.t1.r2          .              .            +INF           30.0000      
g3.t1.r3          .              .            +INF           30.0000      
g3.t2.r1          .              .            +INF           30.0000      
g3.t2.r2          .              .            +INF           30.0000      
g3.t2.r3          .              .            +INF           30.0000      
g3.t3.r1          .              .            +INF           30.0000      
g3.t3.r2          .              .            +INF           30.0000      
g3.t3.r3          .              .            +INF           30.0000      


**** REPORT SUMMARY :        0     NONOPT
                             0 INFEASIBLE
                             0  UNBOUNDED
GAMS 25.1.2  r67455 Released Aug  1, 2018 DEX-DEG x86 64bit/Mac OS X                                                                                                                                                                  11/28/18 17:14:16 Page 11
toyModel
E x e c u t i o n


----     73 VARIABLE generation.L  

                      ( ALL       0.000 )



EXECUTION TIME       =        0.046 SECONDS      4 MB  25.1.2 r67455 DEX-DEG


USER: GAMS Development Corporation, USA              G871201/0000CA-ANY
      Free Demo, +1 202-342-0180, support@gams.com, www.gams.com DC0000


**** FILE SUMMARY

Input      /Users/alanjenn/Dropbox/Davis/Research/Project25_LBNLMobility/Analysis_Writeup/gem/src/toyModel/dispatchModel.gms
Output     /Users/alanjenn/Dropbox/Davis/Research/Project25_LBNLMobility/Analysis_Writeup/gem/src/toyModel/dispatchModel.lst
